
timing -sethld -v 10 -u 10 -endpoints 10 -nperend 1 -sp High-Performance_1.2V -hsp m   -pwrprd -html -rpt "e155_karaoke_impl_1.twr" "e155_karaoke_impl_1.udb" 
timing -sethld -v 10 -u 10 -endpoints 10 -nperend 1 -sp High-Performance_1.2V -hsp m -pwrprd -html -rpt e155_karaoke_impl_1.twr e155_karaoke_impl_1.udb -gui -msgset C:/Users/peppe/OneDrive/Desktop/Fall 2025 - Spring 2026/ENGR 155/e155-karaoke/promote.xml
Starting design reading...
Loading device for application GENERIC from file 'itpa08.nph' in environment: C:/lscc/radiant/2025.1/ispfpga.
Package Status:                     Preliminary    Version 1.5.
Performance Hardware Data Status:   Advanced       Version 1.0.
Loading udb::Database ...
Design:  karaoke_top
Family:  iCE40UP
Device:  iCE40UP5K
Package: SG48
Performance Grade:   High-Performance_1.2V



Successfully loading udb, 0.58 seconds

Initializing timer
Starting design annotation....
High-Performance_1.2V

Starting full timing analysis...
Performance Hardware Data Status:   Advanced       Version 1.0.
Connections ignored  1314  counted  17632  covered  70
Changing speed to m;   changing temperature to -40

STA Runtime and Peak Memory Usage :
Total CPU Time: 23 secs 
Total REAL Time: 24 secs 
Peak Memory Usage: 185 MB

 23.572810s wall, 22.453125s user + 0.593750s system = 23.046875s CPU (97.8%)

