Lattice Timing Report -  Setup  and Hold, Version Radiant Software (64-bit) 2025.1.0.39.0

Thu Dec  4 02:06:59 2025

Copyright (c) 1991-1994 by NeoCAD Inc. All rights reserved.
Copyright (c) 1995 AT&T Corp.   All rights reserved.
Copyright (c) 1995-2001 Lucent Technologies Inc.  All rights reserved.
Copyright (c) 2001 Agere Systems   All rights reserved.
Copyright (c) 2002-2025 Lattice Semiconductor Corporation,  All rights reserved.

Command line:    timing -sethld -v 10 -u 10 -endpoints 10 -nperend 1 -sp High-Performance_1.2V -hsp m -pwrprd -html -rpt e155_karaoke_impl_1.twr e155_karaoke_impl_1.udb -gui -msgset C:/Users/peppe/OneDrive/Desktop/Fall 2025 - Spring 2026/ENGR 155/e155-karaoke/promote.xml

-----------------------------------------
Design:          karaoke_top
Family:          iCE40UP
Device:          iCE40UP5K
Package:         SG48
Performance:     High-Performance_1.2V
Package Status:                     Preliminary    Version 1.5
**Performance Hardware Data Status :   Advanced Version 1.0
-----------------------------------------


=====================================================================
                    Table of Contents
=====================================================================
    1  Timing Overview
        1.1  SDC Constraints
        1.2  Constraint Coverage
        1.3  Overall Summary
        1.4  Unconstrained Report
        1.5  Combinational Loop
    2  Setup at Speed Grade High-Performance_1.2V Corner at 100 Degrees
        2.1  Clock Summary
        2.2  Endpoint slacks
        2.3  Detailed Report
    3  Hold at Speed Grade m Corner at -40 Degrees
        3.1  Endpoint slacks
        3.2  Detailed Report

=====================================================================
                    End of Table of Contents
=====================================================================

==============================================
1  Timing Overview
==============================================

1.1  SDC Constraints
=====================
create_clock -name {clk_generator/clk_48mhz} -period 20.8333 [get_pins {clk_generator/hf_osc/CLKHF }] 

1.2  Constraint Coverage
---------------------------
Constraint Coverage: 0.397005%


1.3  Overall Summary
---------------------------
 Setup at Speed Grade High-Performance_1.2V Corner at 100 Degrees     Timing Errors: 0 endpoints;  Total Negative Slack: 0.000 ns 
 Hold at Speed Grade m Corner at -40 Degrees                          Timing Errors: 0 endpoints;  Total Negative Slack: 0.000 ns 

1.4  Unconstrained Report
===========================

1.4.1  Unconstrained Start/End Points
--------------------------------------

Clocked but unconstrained timing start points
--------------------------------------------------
There is no start point satisfying reporting criteria


Clocked but unconstrained timing end points
-------------------------------------------------------------------
          Listing 8 End Points          |           Type           
-------------------------------------------------------------------
{clk_generator/cycle_counter_FSM_i0/SR   clk_generator/cycle_counter_FSM_i1/SR}                           
                                        |           No arrival time
{clk_generator/clk_out/SR   clk_generator/counter__i3/SR}                           
                                        |           No arrival time
{clk_generator/counter__i1/SR   clk_generator/counter__i2/SR}                           
                                        |           No arrival time
{clk_generator/cycle_counter_FSM_i2/SR   clk_generator/cycle_counter_FSM_i3/SR}                           
                                        |           No arrival time
{clk_generator/cycle_counter_FSM_i4/SR   clk_generator/cycle_counter_FSM_i5/SR}                           
                                        |           No arrival time
{clk_generator/cycle_counter_FSM_i6/SR   clk_generator/cycle_counter_FSM_i7/SR}                           
                                        |           No arrival time
clk_generator/counter__i0/SR            |           No arrival time
clk_generator/clk_divided_6mhz/SR       |           No arrival time
-------------------------------------------------------------------
                                        |                          
Number of unconstrained timing end poin |                          
ts                                      |                         8
                                        |                          
-------------------------------------------------------------------

1.4.2  Start/End Points Without Timing Constraints
---------------------------------------------------

I/O ports without constraint
----------------------------
Possible constraints to use on I/O ports are:
set_input_delay,
set_output_delay,
set_max_delay,
create_clock,
create_generated_clock,
...

-------------------------------------------------------------------
     Listing 10 Start or End Points     |           Type           
-------------------------------------------------------------------
pdm_data                                |                     input
reset_n                                 |                     input
audio_sample[10]                        |                    output
audio_sample[11]                        |                    output
audio_sample[12]                        |                    output
audio_sample[13]                        |                    output
audio_sample[14]                        |                    output
audio_sample[8]                         |                    output
audio_sample[7]                         |                    output
audio_sample[0]                         |                    output
-------------------------------------------------------------------
                                        |                          
Number of I/O ports without constraint  |                        23
                                        |                          
-------------------------------------------------------------------

Nets without clock definition
Define a clock on a top level port or a generated clock on a clock divider pin associated with this net(s).
-------------------------------------------------------------------
            Listing 2 Net(s)            |        Source pin        
-------------------------------------------------------------------
clk_c                                   |   clk_generator/clk_out/Q
clk_6mhz                                |clk_generator/clk_divided_6mhz/Q
-------------------------------------------------------------------
                                        |                          
Number of clock nets without clock defi |                          
nition                                  |                         2
                                        |                          
-------------------------------------------------------------------


1.5  Combinational Loop
========================
None

===============================================================
2  Setup at Speed Grade High-Performance_1.2V Corner at 100 Degrees
===============================================================

2.1  Clock Summary
=======================

2.1.1 Clock "clk_generator/clk_48mhz"
=======================
create_clock -name {clk_generator/clk_48mhz} -period 20.8333 [get_pins {clk_generator/hf_osc/CLKHF }] 

Single Clock Domain
-------------------------------------------------------------------------------------------------------
     Clock clk_generator/clk_48mhz      |                    |       Period       |     Frequency      
-------------------------------------------------------------------------------------------------------
 From clk_generator/clk_48mhz           |             Target |          20.833 ns |         48.000 MHz 
                                        | Actual (all paths) |          20.792 ns |         48.095 MHz 
clk_generator/hf_osc/CLKHF (MPW)        |   (50% duty cycle) |          20.792 ns |         48.095 MHz 
-------------------------------------------------------------------------------------------------------

Clock Domain Crossing

2.2  Endpoint slacks
=======================
-------------------------------------------------------
          Listing 10 End Points          |    Slack    
-------------------------------------------------------
clk_generator/counter__i0/D              |    9.889 ns 
{clk_generator/cycle_counter_FSM_i6/SP   clk_generator/cycle_counter_FSM_i7/SP}              
                                         |   10.061 ns 
{clk_generator/cycle_counter_FSM_i4/SP   clk_generator/cycle_counter_FSM_i5/SP}              
                                         |   10.061 ns 
{clk_generator/cycle_counter_FSM_i2/SP   clk_generator/cycle_counter_FSM_i3/SP}              
                                         |   10.061 ns 
clk_generator/counter__i1/D              |   10.220 ns 
clk_generator/clk_out/D                  |   10.220 ns 
clk_generator/counter__i2/D              |   10.484 ns 
clk_generator/counter__i3/D              |   10.484 ns 
{clk_generator/cycle_counter_FSM_i0/SP   clk_generator/cycle_counter_FSM_i1/SP}              
                                         |   11.251 ns 
{clk_generator/counter_6mhz_264__i0/SR   clk_generator/counter_6mhz_264__i1/SR}              
                                         |   14.251 ns 
-------------------------------------------------------
                                         |             
Setup # of endpoints with negative slack:|           0 
                                         |             
-------------------------------------------------------

2.3  Detailed Report
=======================


XXXXXXXXXXXXXXXXXXXXXXXXXXXXXXXXXXXXXXXXXXXXXXXXXXXXXXXXXX

Detail report of critical paths

XXXXXXXXXXXXXXXXXXXXXXXXXXXXXXXXXXXXXXXXXXXXXXXXXXXXXXXXXX

 +++++++++++++++++++++++++++++++++++++++++++++++++++++++++++++++++++++
                    Detailed Report for timing paths 
 +++++++++++++++++++++++++++++++++++++++++++++++++++++++++++++++++++++

 ++++Path 1  ++++++++++++++++++++++++++++++++++++++++++++++++++++++++++

Path Begin       : clk_generator/counter__i0/Q  (SLICE_R23C2D)
Path End         : clk_generator/counter__i0/D  (SLICE_R23C2D)
Source Clock     : clk_generator/clk_48mhz (R)
Destination Clock: clk_generator/clk_48mhz (R)
Logic Level      : 4
Delay Ratio      : 74.0% (route), 26.0% (logic)
Clock Skew       : 0.000 ns 
Setup Constraint : 20.833 ns 
Path Slack       : 9.889 ns  (Passed)


Source Clock Path
Name                                      Cell/Site Name     Delay Name       Incr      Arrival/Required Time  Fanout  
----------------------------------------  -----------------  ---------------  --------  ---------------------  ------  
clk_generator.hf_osc/CLKHF                HFOSC_HFOSC_R1C32  CLOCK LATENCY       0.000                  0.000  11      
clk_generator/clk_48mhz                                      NET DELAY           5.499                  5.499  11      
clk_generator/counter__i0/CK                                 CLOCK PIN           0.000                  5.499  1       


Data Path
Name                                      Cell/Site Name     Delay Name       Incr      Arrival/Required Time  Fanout  
----------------------------------------  -----------------  ---------------  --------  ---------------------  ------  
clk_generator/counter__i0/CK->clk_generator/counter__i0/Q
                                          SLICE_R23C2D       CLK_TO_Q1_DELAY     1.388                  6.887  5       
clk_generator/counter[0]                                     NET DELAY           3.780                 10.667  5       
clk_generator/i3_4_lut/A->clk_generator/i3_4_lut/Z
                                          SLICE_R18C6A       B0_TO_F0_DELAY      0.476                 11.143  1       
clk_generator/n17791                                         NET DELAY           0.304                 11.447  1       
clk_generator/i3_4_lut_adj_14/A->clk_generator/i3_4_lut_adj_14/Z
                                          SLICE_R18C6A       C1_TO_F1_DELAY      0.449                 11.896  6       
clk_generator/n21                                            NET DELAY           3.873                 15.769  6       
clk_generator/i17006_2_lut/B->clk_generator/i17006_2_lut/Z
                                          SLICE_R23C2D       D1_TO_F1_DELAY      0.476                 16.245  1       
clk_generator/n4454                                          NET DELAY           0.000                 16.245  1       
clk_generator/counter__i0/D                                  ENDPOINT            0.000                 16.245  1       


Destination Clock Path
Name                                      Cell/Site Name     Delay Name       Incr      Arrival/Required Time  Fanout  
----------------------------------------  -----------------  ---------------  --------  ---------------------  ------  
                                                             CONSTRAINT          0.000                 20.833  1       
clk_generator.hf_osc/CLKHF                HFOSC_HFOSC_R1C32  CLOCK LATENCY       0.000                 20.833  11      
clk_generator/clk_48mhz                                      NET DELAY           5.499                 26.332  11      
clk_generator/counter__i0/CK                                 CLOCK PIN           0.000                 26.332  1       
                                                             Uncertainty      -(0.000)                 26.332  
                                                             Setup time       -(0.198)                 26.134  
----------------------------------------  -----------------  ---------------  --------  ---------------------  ------  
Required Time                                                                                          26.134  
Arrival Time                                                                                        -(16.244)  
----------------------------------------  -----------------  ---------------  --------  ---------------------  ------  
Path Slack  (Passed)                                                                                    9.889  




++++ Path 2 ++++++++++++++++++++++++++++++++++++++++++++++++++++++++++ 

Path Begin       : clk_generator/counter__i0/Q  (SLICE_R23C2D)
Path End         : {clk_generator/cycle_counter_FSM_i6/SP   clk_generator/cycle_counter_FSM_i7/SP}  (SLICE_R18C9A)
Source Clock     : clk_generator/clk_48mhz (R)
Destination Clock: clk_generator/clk_48mhz (R)
Logic Level      : 4
Delay Ratio      : 73.6% (route), 26.4% (logic)
Clock Skew       : 0.000 ns 
Setup Constraint : 20.833 ns 
Path Slack       : 10.061 ns  (Passed)


Source Clock Path
Name                                      Cell/Site Name     Delay Name       Incr      Arrival/Required Time  Fanout  
----------------------------------------  -----------------  ---------------  --------  ---------------------  ------  
clk_generator.hf_osc/CLKHF                HFOSC_HFOSC_R1C32  CLOCK LATENCY       0.000                  0.000  11      
clk_generator/clk_48mhz                                      NET DELAY           5.499                  5.499  11      
clk_generator/counter__i0/CK                                 CLOCK PIN           0.000                  5.499  1       


Data Path
Name                                      Cell/Site Name     Delay Name       Incr      Arrival/Required Time  Fanout  
----------------------------------------  -----------------  ---------------  --------  ---------------------  ------  
clk_generator/counter__i0/CK->clk_generator/counter__i0/Q
                                          SLICE_R23C2D       CLK_TO_Q1_DELAY     1.388                  6.887  5       
clk_generator/counter[0]                                     NET DELAY           3.780                 10.667  5       
clk_generator/i3_4_lut/A->clk_generator/i3_4_lut/Z
                                          SLICE_R18C6A       B0_TO_F0_DELAY      0.476                 11.143  1       
clk_generator/n17791                                         NET DELAY           0.304                 11.447  1       
clk_generator/i3_4_lut_adj_14/A->clk_generator/i3_4_lut_adj_14/Z
                                          SLICE_R18C6A       C1_TO_F1_DELAY      0.476                 11.923  6       
clk_generator/n21                                            NET DELAY           0.304                 12.227  6       
clk_generator/i1_2_lut_2_lut/A->clk_generator/i1_2_lut_2_lut/Z
                                          SLICE_R18C6B       C0_TO_F0_DELAY      0.449                 12.676  4       
clk_generator/n4246                                          NET DELAY           3.397                 16.073  4       
{clk_generator/cycle_counter_FSM_i6/SP   clk_generator/cycle_counter_FSM_i7/SP}
                                                             ENDPOINT            0.000                 16.073  1       


Destination Clock Path
Name                                      Cell/Site Name     Delay Name       Incr      Arrival/Required Time  Fanout  
----------------------------------------  -----------------  ---------------  --------  ---------------------  ------  
                                                             CONSTRAINT          0.000                 20.833  1       
clk_generator.hf_osc/CLKHF                HFOSC_HFOSC_R1C32  CLOCK LATENCY       0.000                 20.833  11      
clk_generator/clk_48mhz                                      NET DELAY           5.499                 26.332  11      
{clk_generator/cycle_counter_FSM_i6/CK   clk_generator/cycle_counter_FSM_i7/CK}
                                                             CLOCK PIN           0.000                 26.332  1       
                                                             Uncertainty      -(0.000)                 26.332  
                                                             Setup time       -(0.198)                 26.134  
----------------------------------------  -----------------  ---------------  --------  ---------------------  ------  
Required Time                                                                                          26.134  
Arrival Time                                                                                        -(16.072)  
----------------------------------------  -----------------  ---------------  --------  ---------------------  ------  
Path Slack  (Passed)                                                                                   10.061  




++++ Path 3 ++++++++++++++++++++++++++++++++++++++++++++++++++++++++++ 

Path Begin       : clk_generator/counter__i0/Q  (SLICE_R23C2D)
Path End         : {clk_generator/cycle_counter_FSM_i4/SP   clk_generator/cycle_counter_FSM_i5/SP}  (SLICE_R18C9B)
Source Clock     : clk_generator/clk_48mhz (R)
Destination Clock: clk_generator/clk_48mhz (R)
Logic Level      : 4
Delay Ratio      : 73.6% (route), 26.4% (logic)
Clock Skew       : 0.000 ns 
Setup Constraint : 20.833 ns 
Path Slack       : 10.061 ns  (Passed)


Source Clock Path
Name                                      Cell/Site Name     Delay Name       Incr      Arrival/Required Time  Fanout  
----------------------------------------  -----------------  ---------------  --------  ---------------------  ------  
clk_generator.hf_osc/CLKHF                HFOSC_HFOSC_R1C32  CLOCK LATENCY       0.000                  0.000  11      
clk_generator/clk_48mhz                                      NET DELAY           5.499                  5.499  11      
clk_generator/counter__i0/CK                                 CLOCK PIN           0.000                  5.499  1       


Data Path
Name                                      Cell/Site Name     Delay Name       Incr      Arrival/Required Time  Fanout  
----------------------------------------  -----------------  ---------------  --------  ---------------------  ------  
clk_generator/counter__i0/CK->clk_generator/counter__i0/Q
                                          SLICE_R23C2D       CLK_TO_Q1_DELAY     1.388                  6.887  5       
clk_generator/counter[0]                                     NET DELAY           3.780                 10.667  5       
clk_generator/i3_4_lut/A->clk_generator/i3_4_lut/Z
                                          SLICE_R18C6A       B0_TO_F0_DELAY      0.476                 11.143  1       
clk_generator/n17791                                         NET DELAY           0.304                 11.447  1       
clk_generator/i3_4_lut_adj_14/A->clk_generator/i3_4_lut_adj_14/Z
                                          SLICE_R18C6A       C1_TO_F1_DELAY      0.476                 11.923  6       
clk_generator/n21                                            NET DELAY           0.304                 12.227  6       
clk_generator/i1_2_lut_2_lut/A->clk_generator/i1_2_lut_2_lut/Z
                                          SLICE_R18C6B       C0_TO_F0_DELAY      0.449                 12.676  4       
clk_generator/n4246                                          NET DELAY           3.397                 16.073  4       
{clk_generator/cycle_counter_FSM_i4/SP   clk_generator/cycle_counter_FSM_i5/SP}
                                                             ENDPOINT            0.000                 16.073  1       


Destination Clock Path
Name                                      Cell/Site Name     Delay Name       Incr      Arrival/Required Time  Fanout  
----------------------------------------  -----------------  ---------------  --------  ---------------------  ------  
                                                             CONSTRAINT          0.000                 20.833  1       
clk_generator.hf_osc/CLKHF                HFOSC_HFOSC_R1C32  CLOCK LATENCY       0.000                 20.833  11      
clk_generator/clk_48mhz                                      NET DELAY           5.499                 26.332  11      
{clk_generator/cycle_counter_FSM_i4/CK   clk_generator/cycle_counter_FSM_i5/CK}
                                                             CLOCK PIN           0.000                 26.332  1       
                                                             Uncertainty      -(0.000)                 26.332  
                                                             Setup time       -(0.198)                 26.134  
----------------------------------------  -----------------  ---------------  --------  ---------------------  ------  
Required Time                                                                                          26.134  
Arrival Time                                                                                        -(16.072)  
----------------------------------------  -----------------  ---------------  --------  ---------------------  ------  
Path Slack  (Passed)                                                                                   10.061  




++++ Path 4 ++++++++++++++++++++++++++++++++++++++++++++++++++++++++++ 

Path Begin       : clk_generator/counter__i0/Q  (SLICE_R23C2D)
Path End         : {clk_generator/cycle_counter_FSM_i2/SP   clk_generator/cycle_counter_FSM_i3/SP}  (SLICE_R18C9C)
Source Clock     : clk_generator/clk_48mhz (R)
Destination Clock: clk_generator/clk_48mhz (R)
Logic Level      : 4
Delay Ratio      : 73.6% (route), 26.4% (logic)
Clock Skew       : 0.000 ns 
Setup Constraint : 20.833 ns 
Path Slack       : 10.061 ns  (Passed)


Source Clock Path
Name                                      Cell/Site Name     Delay Name       Incr      Arrival/Required Time  Fanout  
----------------------------------------  -----------------  ---------------  --------  ---------------------  ------  
clk_generator.hf_osc/CLKHF                HFOSC_HFOSC_R1C32  CLOCK LATENCY       0.000                  0.000  11      
clk_generator/clk_48mhz                                      NET DELAY           5.499                  5.499  11      
clk_generator/counter__i0/CK                                 CLOCK PIN           0.000                  5.499  1       


Data Path
Name                                      Cell/Site Name     Delay Name       Incr      Arrival/Required Time  Fanout  
----------------------------------------  -----------------  ---------------  --------  ---------------------  ------  
clk_generator/counter__i0/CK->clk_generator/counter__i0/Q
                                          SLICE_R23C2D       CLK_TO_Q1_DELAY     1.388                  6.887  5       
clk_generator/counter[0]                                     NET DELAY           3.780                 10.667  5       
clk_generator/i3_4_lut/A->clk_generator/i3_4_lut/Z
                                          SLICE_R18C6A       B0_TO_F0_DELAY      0.476                 11.143  1       
clk_generator/n17791                                         NET DELAY           0.304                 11.447  1       
clk_generator/i3_4_lut_adj_14/A->clk_generator/i3_4_lut_adj_14/Z
                                          SLICE_R18C6A       C1_TO_F1_DELAY      0.476                 11.923  6       
clk_generator/n21                                            NET DELAY           0.304                 12.227  6       
clk_generator/i1_2_lut_2_lut/A->clk_generator/i1_2_lut_2_lut/Z
                                          SLICE_R18C6B       C0_TO_F0_DELAY      0.449                 12.676  4       
clk_generator/n4246                                          NET DELAY           3.397                 16.073  4       
{clk_generator/cycle_counter_FSM_i2/SP   clk_generator/cycle_counter_FSM_i3/SP}
                                                             ENDPOINT            0.000                 16.073  1       


Destination Clock Path
Name                                      Cell/Site Name     Delay Name       Incr      Arrival/Required Time  Fanout  
----------------------------------------  -----------------  ---------------  --------  ---------------------  ------  
                                                             CONSTRAINT          0.000                 20.833  1       
clk_generator.hf_osc/CLKHF                HFOSC_HFOSC_R1C32  CLOCK LATENCY       0.000                 20.833  11      
clk_generator/clk_48mhz                                      NET DELAY           5.499                 26.332  11      
{clk_generator/cycle_counter_FSM_i2/CK   clk_generator/cycle_counter_FSM_i3/CK}
                                                             CLOCK PIN           0.000                 26.332  1       
                                                             Uncertainty      -(0.000)                 26.332  
                                                             Setup time       -(0.198)                 26.134  
----------------------------------------  -----------------  ---------------  --------  ---------------------  ------  
Required Time                                                                                          26.134  
Arrival Time                                                                                        -(16.072)  
----------------------------------------  -----------------  ---------------  --------  ---------------------  ------  
Path Slack  (Passed)                                                                                   10.061  




++++ Path 5 ++++++++++++++++++++++++++++++++++++++++++++++++++++++++++ 

Path Begin       : clk_generator/counter__i0/Q  (SLICE_R23C2D)
Path End         : clk_generator/counter__i1/D  (SLICE_R21C3B)
Source Clock     : clk_generator/clk_48mhz (R)
Destination Clock: clk_generator/clk_48mhz (R)
Logic Level      : 4
Delay Ratio      : 73.2% (route), 26.8% (logic)
Clock Skew       : 0.000 ns 
Setup Constraint : 20.833 ns 
Path Slack       : 10.220 ns  (Passed)


Source Clock Path
Name                                      Cell/Site Name     Delay Name       Incr      Arrival/Required Time  Fanout  
----------------------------------------  -----------------  ---------------  --------  ---------------------  ------  
clk_generator.hf_osc/CLKHF                HFOSC_HFOSC_R1C32  CLOCK LATENCY       0.000                  0.000  11      
clk_generator/clk_48mhz                                      NET DELAY           5.499                  5.499  11      
clk_generator/counter__i0/CK                                 CLOCK PIN           0.000                  5.499  1       


Data Path
Name                                      Cell/Site Name     Delay Name       Incr      Arrival/Required Time  Fanout  
----------------------------------------  -----------------  ---------------  --------  ---------------------  ------  
clk_generator/counter__i0/CK->clk_generator/counter__i0/Q
                                          SLICE_R23C2D       CLK_TO_Q1_DELAY     1.388                  6.887  5       
clk_generator/counter[0]                                     NET DELAY           3.780                 10.667  5       
clk_generator/i3_4_lut/A->clk_generator/i3_4_lut/Z
                                          SLICE_R18C6A       B0_TO_F0_DELAY      0.476                 11.143  1       
clk_generator/n17791                                         NET DELAY           0.304                 11.447  1       
clk_generator/i3_4_lut_adj_14/A->clk_generator/i3_4_lut_adj_14/Z
                                          SLICE_R18C6A       C1_TO_F1_DELAY      0.449                 11.896  6       
clk_generator/n21                                            NET DELAY           3.542                 15.438  6       
clk_generator/i1042_3_lut/B->clk_generator/i1042_3_lut/Z
                                          SLICE_R21C3B       C0_TO_F0_DELAY      0.476                 15.914  1       
clk_generator/n91[1]                                         NET DELAY           0.000                 15.914  1       
clk_generator/counter__i1/D                                  ENDPOINT            0.000                 15.914  1       


Destination Clock Path
Name                                      Cell/Site Name     Delay Name       Incr      Arrival/Required Time  Fanout  
----------------------------------------  -----------------  ---------------  --------  ---------------------  ------  
                                                             CONSTRAINT          0.000                 20.833  1       
clk_generator.hf_osc/CLKHF                HFOSC_HFOSC_R1C32  CLOCK LATENCY       0.000                 20.833  11      
clk_generator/clk_48mhz                                      NET DELAY           5.499                 26.332  11      
{clk_generator/counter__i1/CK   clk_generator/counter__i2/CK}
                                                             CLOCK PIN           0.000                 26.332  1       
                                                             Uncertainty      -(0.000)                 26.332  
                                                             Setup time       -(0.198)                 26.134  
----------------------------------------  -----------------  ---------------  --------  ---------------------  ------  
Required Time                                                                                          26.134  
Arrival Time                                                                                        -(15.913)  
----------------------------------------  -----------------  ---------------  --------  ---------------------  ------  
Path Slack  (Passed)                                                                                   10.220  




++++ Path 6 ++++++++++++++++++++++++++++++++++++++++++++++++++++++++++ 

Path Begin       : clk_generator/counter__i0/Q  (SLICE_R23C2D)
Path End         : clk_generator/clk_out/D  (SLICE_R21C3A)
Source Clock     : clk_generator/clk_48mhz (R)
Destination Clock: clk_generator/clk_48mhz (R)
Logic Level      : 4
Delay Ratio      : 73.2% (route), 26.8% (logic)
Clock Skew       : 0.000 ns 
Setup Constraint : 20.833 ns 
Path Slack       : 10.220 ns  (Passed)


Source Clock Path
Name                                      Cell/Site Name     Delay Name       Incr      Arrival/Required Time  Fanout  
----------------------------------------  -----------------  ---------------  --------  ---------------------  ------  
clk_generator.hf_osc/CLKHF                HFOSC_HFOSC_R1C32  CLOCK LATENCY       0.000                  0.000  11      
clk_generator/clk_48mhz                                      NET DELAY           5.499                  5.499  11      
clk_generator/counter__i0/CK                                 CLOCK PIN           0.000                  5.499  1       


Data Path
Name                                      Cell/Site Name     Delay Name       Incr      Arrival/Required Time  Fanout  
----------------------------------------  -----------------  ---------------  --------  ---------------------  ------  
clk_generator/counter__i0/CK->clk_generator/counter__i0/Q
                                          SLICE_R23C2D       CLK_TO_Q1_DELAY     1.388                  6.887  5       
clk_generator/counter[0]                                     NET DELAY           3.780                 10.667  5       
clk_generator/i3_4_lut/A->clk_generator/i3_4_lut/Z
                                          SLICE_R18C6A       B0_TO_F0_DELAY      0.476                 11.143  1       
clk_generator/n17791                                         NET DELAY           0.304                 11.447  1       
clk_generator/i3_4_lut_adj_14/A->clk_generator/i3_4_lut_adj_14/Z
                                          SLICE_R18C6A       C1_TO_F1_DELAY      0.449                 11.896  6       
clk_generator/n21                                            NET DELAY           3.542                 15.438  6       
clk_generator/i38_2_lut/B->clk_generator/i38_2_lut/Z
                                          SLICE_R21C3A       C0_TO_F0_DELAY      0.476                 15.914  1       
clk_generator/n97                                            NET DELAY           0.000                 15.914  1       
clk_generator/clk_out/D                                      ENDPOINT            0.000                 15.914  1       


Destination Clock Path
Name                                      Cell/Site Name     Delay Name       Incr      Arrival/Required Time  Fanout  
----------------------------------------  -----------------  ---------------  --------  ---------------------  ------  
                                                             CONSTRAINT          0.000                 20.833  1       
clk_generator.hf_osc/CLKHF                HFOSC_HFOSC_R1C32  CLOCK LATENCY       0.000                 20.833  11      
clk_generator/clk_48mhz                                      NET DELAY           5.499                 26.332  11      
{clk_generator/clk_out/CK   clk_generator/counter__i3/CK}
                                                             CLOCK PIN           0.000                 26.332  1       
                                                             Uncertainty      -(0.000)                 26.332  
                                                             Setup time       -(0.198)                 26.134  
----------------------------------------  -----------------  ---------------  --------  ---------------------  ------  
Required Time                                                                                          26.134  
Arrival Time                                                                                        -(15.913)  
----------------------------------------  -----------------  ---------------  --------  ---------------------  ------  
Path Slack  (Passed)                                                                                   10.220  




++++ Path 7 ++++++++++++++++++++++++++++++++++++++++++++++++++++++++++ 

Path Begin       : clk_generator/counter__i0/Q  (SLICE_R23C2D)
Path End         : clk_generator/counter__i2/D  (SLICE_R21C3B)
Source Clock     : clk_generator/clk_48mhz (R)
Destination Clock: clk_generator/clk_48mhz (R)
Logic Level      : 4
Delay Ratio      : 72.5% (route), 27.5% (logic)
Clock Skew       : 0.000 ns 
Setup Constraint : 20.833 ns 
Path Slack       : 10.484 ns  (Passed)


Source Clock Path
Name                                      Cell/Site Name     Delay Name       Incr      Arrival/Required Time  Fanout  
----------------------------------------  -----------------  ---------------  --------  ---------------------  ------  
clk_generator.hf_osc/CLKHF                HFOSC_HFOSC_R1C32  CLOCK LATENCY       0.000                  0.000  11      
clk_generator/clk_48mhz                                      NET DELAY           5.499                  5.499  11      
clk_generator/counter__i0/CK                                 CLOCK PIN           0.000                  5.499  1       


Data Path
Name                                      Cell/Site Name     Delay Name       Incr      Arrival/Required Time  Fanout  
----------------------------------------  -----------------  ---------------  --------  ---------------------  ------  
clk_generator/counter__i0/CK->clk_generator/counter__i0/Q
                                          SLICE_R23C2D       CLK_TO_Q1_DELAY     1.388                  6.887  5       
clk_generator/counter[0]                                     NET DELAY           3.780                 10.667  5       
clk_generator/i3_4_lut/A->clk_generator/i3_4_lut/Z
                                          SLICE_R18C6A       B0_TO_F0_DELAY      0.476                 11.143  1       
clk_generator/n17791                                         NET DELAY           0.304                 11.447  1       
clk_generator/i3_4_lut_adj_14/A->clk_generator/i3_4_lut_adj_14/Z
                                          SLICE_R18C6A       C1_TO_F1_DELAY      0.449                 11.896  6       
clk_generator/n21                                            NET DELAY           3.278                 15.174  6       
clk_generator/i1041_3_lut_4_lut/B->clk_generator/i1041_3_lut_4_lut/Z
                                          SLICE_R21C3B       D1_TO_F1_DELAY      0.476                 15.650  1       
clk_generator/n91[2]                                         NET DELAY           0.000                 15.650  1       
clk_generator/counter__i2/D                                  ENDPOINT            0.000                 15.650  1       


Destination Clock Path
Name                                      Cell/Site Name     Delay Name       Incr      Arrival/Required Time  Fanout  
----------------------------------------  -----------------  ---------------  --------  ---------------------  ------  
                                                             CONSTRAINT          0.000                 20.833  1       
clk_generator.hf_osc/CLKHF                HFOSC_HFOSC_R1C32  CLOCK LATENCY       0.000                 20.833  11      
clk_generator/clk_48mhz                                      NET DELAY           5.499                 26.332  11      
{clk_generator/counter__i1/CK   clk_generator/counter__i2/CK}
                                                             CLOCK PIN           0.000                 26.332  1       
                                                             Uncertainty      -(0.000)                 26.332  
                                                             Setup time       -(0.198)                 26.134  
----------------------------------------  -----------------  ---------------  --------  ---------------------  ------  
Required Time                                                                                          26.134  
Arrival Time                                                                                        -(15.649)  
----------------------------------------  -----------------  ---------------  --------  ---------------------  ------  
Path Slack  (Passed)                                                                                   10.484  




++++ Path 8 ++++++++++++++++++++++++++++++++++++++++++++++++++++++++++ 

Path Begin       : clk_generator/counter__i0/Q  (SLICE_R23C2D)
Path End         : clk_generator/counter__i3/D  (SLICE_R21C3A)
Source Clock     : clk_generator/clk_48mhz (R)
Destination Clock: clk_generator/clk_48mhz (R)
Logic Level      : 4
Delay Ratio      : 72.5% (route), 27.5% (logic)
Clock Skew       : 0.000 ns 
Setup Constraint : 20.833 ns 
Path Slack       : 10.484 ns  (Passed)


Source Clock Path
Name                                      Cell/Site Name     Delay Name       Incr      Arrival/Required Time  Fanout  
----------------------------------------  -----------------  ---------------  --------  ---------------------  ------  
clk_generator.hf_osc/CLKHF                HFOSC_HFOSC_R1C32  CLOCK LATENCY       0.000                  0.000  11      
clk_generator/clk_48mhz                                      NET DELAY           5.499                  5.499  11      
clk_generator/counter__i0/CK                                 CLOCK PIN           0.000                  5.499  1       


Data Path
Name                                      Cell/Site Name     Delay Name       Incr      Arrival/Required Time  Fanout  
----------------------------------------  -----------------  ---------------  --------  ---------------------  ------  
clk_generator/counter__i0/CK->clk_generator/counter__i0/Q
                                          SLICE_R23C2D       CLK_TO_Q1_DELAY     1.388                  6.887  5       
clk_generator/counter[0]                                     NET DELAY           3.780                 10.667  5       
clk_generator/i3_4_lut/A->clk_generator/i3_4_lut/Z
                                          SLICE_R18C6A       B0_TO_F0_DELAY      0.476                 11.143  1       
clk_generator/n17791                                         NET DELAY           0.304                 11.447  1       
clk_generator/i3_4_lut_adj_14/A->clk_generator/i3_4_lut_adj_14/Z
                                          SLICE_R18C6A       C1_TO_F1_DELAY      0.449                 11.896  6       
clk_generator/n21                                            NET DELAY           3.278                 15.174  6       
clk_generator/i1040_4_lut/B->clk_generator/i1040_4_lut/Z
                                          SLICE_R21C3A       D1_TO_F1_DELAY      0.476                 15.650  1       
clk_generator/n91[3]                                         NET DELAY           0.000                 15.650  1       
clk_generator/counter__i3/D                                  ENDPOINT            0.000                 15.650  1       


Destination Clock Path
Name                                      Cell/Site Name     Delay Name       Incr      Arrival/Required Time  Fanout  
----------------------------------------  -----------------  ---------------  --------  ---------------------  ------  
                                                             CONSTRAINT          0.000                 20.833  1       
clk_generator.hf_osc/CLKHF                HFOSC_HFOSC_R1C32  CLOCK LATENCY       0.000                 20.833  11      
clk_generator/clk_48mhz                                      NET DELAY           5.499                 26.332  11      
{clk_generator/clk_out/CK   clk_generator/counter__i3/CK}
                                                             CLOCK PIN           0.000                 26.332  1       
                                                             Uncertainty      -(0.000)                 26.332  
                                                             Setup time       -(0.198)                 26.134  
----------------------------------------  -----------------  ---------------  --------  ---------------------  ------  
Required Time                                                                                          26.134  
Arrival Time                                                                                        -(15.649)  
----------------------------------------  -----------------  ---------------  --------  ---------------------  ------  
Path Slack  (Passed)                                                                                   10.484  




++++ Path 9 ++++++++++++++++++++++++++++++++++++++++++++++++++++++++++ 

Path Begin       : clk_generator/counter__i0/Q  (SLICE_R23C2D)
Path End         : {clk_generator/cycle_counter_FSM_i0/SP   clk_generator/cycle_counter_FSM_i1/SP}  (SLICE_R18C6D)
Source Clock     : clk_generator/clk_48mhz (R)
Destination Clock: clk_generator/clk_48mhz (R)
Logic Level      : 4
Delay Ratio      : 70.3% (route), 29.7% (logic)
Clock Skew       : 0.000 ns 
Setup Constraint : 20.833 ns 
Path Slack       : 11.251 ns  (Passed)


Source Clock Path
Name                                      Cell/Site Name     Delay Name       Incr      Arrival/Required Time  Fanout  
----------------------------------------  -----------------  ---------------  --------  ---------------------  ------  
clk_generator.hf_osc/CLKHF                HFOSC_HFOSC_R1C32  CLOCK LATENCY       0.000                  0.000  11      
clk_generator/clk_48mhz                                      NET DELAY           5.499                  5.499  11      
clk_generator/counter__i0/CK                                 CLOCK PIN           0.000                  5.499  1       


Data Path
Name                                      Cell/Site Name     Delay Name       Incr      Arrival/Required Time  Fanout  
----------------------------------------  -----------------  ---------------  --------  ---------------------  ------  
clk_generator/counter__i0/CK->clk_generator/counter__i0/Q
                                          SLICE_R23C2D       CLK_TO_Q1_DELAY     1.388                  6.887  5       
clk_generator/counter[0]                                     NET DELAY           3.780                 10.667  5       
clk_generator/i3_4_lut/A->clk_generator/i3_4_lut/Z
                                          SLICE_R18C6A       B0_TO_F0_DELAY      0.476                 11.143  1       
clk_generator/n17791                                         NET DELAY           0.304                 11.447  1       
clk_generator/i3_4_lut_adj_14/A->clk_generator/i3_4_lut_adj_14/Z
                                          SLICE_R18C6A       C1_TO_F1_DELAY      0.476                 11.923  6       
clk_generator/n21                                            NET DELAY           0.304                 12.227  6       
clk_generator/i1_2_lut_2_lut/A->clk_generator/i1_2_lut_2_lut/Z
                                          SLICE_R18C6B       C0_TO_F0_DELAY      0.449                 12.676  4       
clk_generator/n4246                                          NET DELAY           2.207                 14.883  4       
{clk_generator/cycle_counter_FSM_i0/SP   clk_generator/cycle_counter_FSM_i1/SP}
                                                             ENDPOINT            0.000                 14.883  1       


Destination Clock Path
Name                                      Cell/Site Name     Delay Name       Incr      Arrival/Required Time  Fanout  
----------------------------------------  -----------------  ---------------  --------  ---------------------  ------  
                                                             CONSTRAINT          0.000                 20.833  1       
clk_generator.hf_osc/CLKHF                HFOSC_HFOSC_R1C32  CLOCK LATENCY       0.000                 20.833  11      
clk_generator/clk_48mhz                                      NET DELAY           5.499                 26.332  11      
{clk_generator/cycle_counter_FSM_i0/CK   clk_generator/cycle_counter_FSM_i1/CK}
                                                             CLOCK PIN           0.000                 26.332  1       
                                                             Uncertainty      -(0.000)                 26.332  
                                                             Setup time       -(0.198)                 26.134  
----------------------------------------  -----------------  ---------------  --------  ---------------------  ------  
Required Time                                                                                          26.134  
Arrival Time                                                                                        -(14.882)  
----------------------------------------  -----------------  ---------------  --------  ---------------------  ------  
Path Slack  (Passed)                                                                                   11.251  




++++ Path 10 ++++++++++++++++++++++++++++++++++++++++++++++++++++++++++ 

Path Begin       : clk_generator/counter_6mhz_264__i0/Q  (SLICE_R21C16B)
Path End         : {clk_generator/counter_6mhz_264__i0/SR   clk_generator/counter_6mhz_264__i1/SR}  (SLICE_R21C16B)
Source Clock     : clk_generator/clk_48mhz (R)
Destination Clock: clk_generator/clk_48mhz (R)
Logic Level      : 2
Delay Ratio      : 69.7% (route), 30.3% (logic)
Clock Skew       : 0.000 ns 
Setup Constraint : 20.833 ns 
Path Slack       : 14.251 ns  (Passed)


Source Clock Path
Name                                      Cell/Site Name     Delay Name       Incr      Arrival/Required Time  Fanout  
----------------------------------------  -----------------  ---------------  --------  ---------------------  ------  
clk_generator.hf_osc/CLKHF                HFOSC_HFOSC_R1C32  CLOCK LATENCY       0.000                  0.000  11      
clk_generator/clk_48mhz                                      NET DELAY           5.499                  5.499  11      
{clk_generator/counter_6mhz_264__i0/CK   clk_generator/counter_6mhz_264__i1/CK}
                                                             CLOCK PIN           0.000                  5.499  1       


Data Path
Name                                      Cell/Site Name     Delay Name       Incr      Arrival/Required Time  Fanout  
----------------------------------------  -----------------  ---------------  --------  ---------------------  ------  
clk_generator/counter_6mhz_264__i0/CK->clk_generator/counter_6mhz_264__i0/Q
                                          SLICE_R21C16B      CLK_TO_Q0_DELAY     1.388                  6.887  5       
clk_generator/counter_6mhz[0]                                NET DELAY           2.075                  8.962  5       
clk_generator/i17003_2_lut_4_lut/A->clk_generator/i17003_2_lut_4_lut/Z
                                          SLICE_R21C16C      B0_TO_F0_DELAY      0.449                  9.411  2       
clk_generator/n4172                                          NET DELAY           2.141                 11.552  2       
{clk_generator/counter_6mhz_264__i0/SR   clk_generator/counter_6mhz_264__i1/SR}
                                                             ENDPOINT            0.000                 11.552  1       


Destination Clock Path
Name                                      Cell/Site Name     Delay Name       Incr      Arrival/Required Time  Fanout  
----------------------------------------  -----------------  ---------------  --------  ---------------------  ------  
                                                             CONSTRAINT          0.000                 20.833  1       
clk_generator.hf_osc/CLKHF                HFOSC_HFOSC_R1C32  CLOCK LATENCY       0.000                 20.833  11      
clk_generator/clk_48mhz                                      NET DELAY           5.499                 26.332  11      
{clk_generator/counter_6mhz_264__i0/CK   clk_generator/counter_6mhz_264__i1/CK}
                                                             CLOCK PIN           0.000                 26.332  1       
                                                             Uncertainty      -(0.000)                 26.332  
                                                             Setup time       -(0.529)                 25.803  
----------------------------------------  -----------------  ---------------  --------  ---------------------  ------  
Required Time                                                                                          25.803  
Arrival Time                                                                                        -(11.551)  
----------------------------------------  -----------------  ---------------  --------  ---------------------  ------  
Path Slack  (Passed)                                                                                   14.251  



+++++++++++++++++++++++++++++++++++++++++++++++++++++++++++++++++++++ 
                    End of Detailed Report for timing paths 
+++++++++++++++++++++++++++++++++++++++++++++++++++++++++++++++++++++ 


##########################################################



===============================================================
3  Hold at Speed Grade m Corner at -40 Degrees
===============================================================

3.1  Endpoint slacks
=======================
-------------------------------------------------------
          Listing 10 End Points          |    Slack    
-------------------------------------------------------
clk_generator/counter_6mhz_264__i2/D     |    1.743 ns 
clk_generator/cycle_counter_FSM_i6/D     |    1.743 ns 
clk_generator/cycle_counter_FSM_i7/D     |    1.743 ns 
clk_generator/cycle_counter_FSM_i4/D     |    1.743 ns 
clk_generator/cycle_counter_FSM_i5/D     |    1.743 ns 
clk_generator/cycle_counter_FSM_i3/D     |    1.743 ns 
clk_generator/counter_6mhz_264__i0/D     |    1.743 ns 
clk_generator/counter_6mhz_264__i1/D     |    1.743 ns 
clk_generator/clk_out/D                  |    1.743 ns 
clk_generator/cycle_counter_FSM_i1/D     |    1.743 ns 
-------------------------------------------------------
                                         |             
Hold # of endpoints with negative slack: |           0 
                                         |             
-------------------------------------------------------

3.2  Detailed Report
=======================


XXXXXXXXXXXXXXXXXXXXXXXXXXXXXXXXXXXXXXXXXXXXXXXXXXXXXXXXXX

Detail report of critical paths

XXXXXXXXXXXXXXXXXXXXXXXXXXXXXXXXXXXXXXXXXXXXXXXXXXXXXXXXXX

 +++++++++++++++++++++++++++++++++++++++++++++++++++++++++++++++++++++
                    Detailed Report for timing paths 
 +++++++++++++++++++++++++++++++++++++++++++++++++++++++++++++++++++++

 ++++Path 1  ++++++++++++++++++++++++++++++++++++++++++++++++++++++++++

Path Begin       : clk_generator/counter_6mhz_264__i1/Q  (SLICE_R21C16B)
Path End         : clk_generator/counter_6mhz_264__i2/D  (SLICE_R21C16C)
Source Clock     : clk_generator/clk_48mhz (R)
Destination Clock: clk_generator/clk_48mhz (R)
Logic Level      : 2
Delay Ratio      : 40.8% (route), 59.2% (logic)
Clock Skew       : 0.000 ns 
Hold Constraint  : 0.000 ns 
Path Slack       : 1.743 ns  (Passed)


Source Clock Path
Name                                      Cell/Site Name     Delay Name       Incr   Arrival/Required Time  Fanout  
----------------------------------------  -----------------  ---------------  -----  ---------------------  ------  
clk_generator.hf_osc/CLKHF                HFOSC_HFOSC_R1C32  CLOCK LATENCY    0.000                  0.000  12      
clk_generator/clk_48mhz                                      NET DELAY        3.084                  3.084  12      
{clk_generator/counter_6mhz_264__i0/CK   clk_generator/counter_6mhz_264__i1/CK}
                                                             CLOCK PIN        0.000                  3.084  1       


Data Path
Name                                      Cell/Site Name     Delay Name       Incr   Arrival/Required Time  Fanout  
----------------------------------------  -----------------  ---------------  -----  ---------------------  ------  
clk_generator/counter_6mhz_264__i1/CK->clk_generator/counter_6mhz_264__i1/Q
                                          SLICE_R21C16B      CLK_TO_Q1_DELAY  0.779                  3.863  4       
clk_generator/counter_6mhz[1]                                NET DELAY        0.712                  4.575  4       
clk_generator/i1322_2_lut_3_lut/B->clk_generator/i1322_2_lut_3_lut/Z
                                          SLICE_R21C16C      D1_TO_F1_DELAY   0.252                  4.827  1       
clk_generator/n17[2]                                         NET DELAY        0.000                  4.827  1       
clk_generator/counter_6mhz_264__i2/D                         ENDPOINT         0.000                  4.827  1       


Destination Clock Path
Name                                      Cell/Site Name     Delay Name       Incr   Arrival/Required Time  Fanout  
----------------------------------------  -----------------  ---------------  -----  ---------------------  ------  
                                                             CONSTRAINT       0.000                  0.000  1       
clk_generator.hf_osc/CLKHF                HFOSC_HFOSC_R1C32  CLOCK LATENCY    0.000                  0.000  12      
clk_generator/clk_48mhz                                      NET DELAY        3.084                  3.084  12      
clk_generator/counter_6mhz_264__i2/CK                        CLOCK PIN        0.000                  3.084  1       
                                                             Uncertainty      0.000                  3.084  
                                                             Hold time        0.000                  3.084  
----------------------------------------  -----------------  ---------------  -----  ---------------------  ------  
Required Time                                                                                       -3.084  
Arrival Time                                                                                         4.827  
----------------------------------------  -----------------  ---------------  -----  ---------------------  ------  
Path Slack  (Passed)                                                                                 1.743  




++++ Path 2 ++++++++++++++++++++++++++++++++++++++++++++++++++++++++++ 

Path Begin       : clk_generator/cycle_counter_FSM_i5/Q  (SLICE_R18C9B)
Path End         : clk_generator/cycle_counter_FSM_i6/D  (SLICE_R18C9A)
Source Clock     : clk_generator/clk_48mhz (R)
Destination Clock: clk_generator/clk_48mhz (R)
Logic Level      : 2
Delay Ratio      : 40.8% (route), 59.2% (logic)
Clock Skew       : 0.000 ns 
Hold Constraint  : 0.000 ns 
Path Slack       : 1.743 ns  (Passed)


Source Clock Path
Name                                      Cell/Site Name     Delay Name       Incr   Arrival/Required Time  Fanout  
----------------------------------------  -----------------  ---------------  -----  ---------------------  ------  
clk_generator.hf_osc/CLKHF                HFOSC_HFOSC_R1C32  CLOCK LATENCY    0.000                  0.000  12      
clk_generator/clk_48mhz                                      NET DELAY        3.084                  3.084  12      
{clk_generator/cycle_counter_FSM_i4/CK   clk_generator/cycle_counter_FSM_i5/CK}
                                                             CLOCK PIN        0.000                  3.084  1       


Data Path
Name                                      Cell/Site Name     Delay Name       Incr   Arrival/Required Time  Fanout  
----------------------------------------  -----------------  ---------------  -----  ---------------------  ------  
clk_generator/cycle_counter_FSM_i5/CK->clk_generator/cycle_counter_FSM_i5/Q
                                          SLICE_R18C9B       CLK_TO_Q1_DELAY  0.779                  3.863  1       
clk_generator/n74[5]                                         NET DELAY        0.712                  4.575  1       
clk_generator.SLICE_2293/D0->clk_generator.SLICE_2293/F0
                                          SLICE_R18C9A       D0_TO_F0_DELAY   0.252                  4.827  1       
clk_generator.n74[5].sig_654.FeedThruLUT                     NET DELAY        0.000                  4.827  1       
clk_generator/cycle_counter_FSM_i6/D                         ENDPOINT         0.000                  4.827  1       


Destination Clock Path
Name                                      Cell/Site Name     Delay Name       Incr   Arrival/Required Time  Fanout  
----------------------------------------  -----------------  ---------------  -----  ---------------------  ------  
                                                             CONSTRAINT       0.000                  0.000  1       
clk_generator.hf_osc/CLKHF                HFOSC_HFOSC_R1C32  CLOCK LATENCY    0.000                  0.000  12      
clk_generator/clk_48mhz                                      NET DELAY        3.084                  3.084  12      
{clk_generator/cycle_counter_FSM_i6/CK   clk_generator/cycle_counter_FSM_i7/CK}
                                                             CLOCK PIN        0.000                  3.084  1       
                                                             Uncertainty      0.000                  3.084  
                                                             Hold time        0.000                  3.084  
----------------------------------------  -----------------  ---------------  -----  ---------------------  ------  
Required Time                                                                                       -3.084  
Arrival Time                                                                                         4.827  
----------------------------------------  -----------------  ---------------  -----  ---------------------  ------  
Path Slack  (Passed)                                                                                 1.743  




++++ Path 3 ++++++++++++++++++++++++++++++++++++++++++++++++++++++++++ 

Path Begin       : clk_generator/cycle_counter_FSM_i6/Q  (SLICE_R18C9A)
Path End         : clk_generator/cycle_counter_FSM_i7/D  (SLICE_R18C9A)
Source Clock     : clk_generator/clk_48mhz (R)
Destination Clock: clk_generator/clk_48mhz (R)
Logic Level      : 2
Delay Ratio      : 40.8% (route), 59.2% (logic)
Clock Skew       : 0.000 ns 
Hold Constraint  : 0.000 ns 
Path Slack       : 1.743 ns  (Passed)


Source Clock Path
Name                                      Cell/Site Name     Delay Name       Incr   Arrival/Required Time  Fanout  
----------------------------------------  -----------------  ---------------  -----  ---------------------  ------  
clk_generator.hf_osc/CLKHF                HFOSC_HFOSC_R1C32  CLOCK LATENCY    0.000                  0.000  12      
clk_generator/clk_48mhz                                      NET DELAY        3.084                  3.084  12      
{clk_generator/cycle_counter_FSM_i6/CK   clk_generator/cycle_counter_FSM_i7/CK}
                                                             CLOCK PIN        0.000                  3.084  1       


Data Path
Name                                      Cell/Site Name     Delay Name       Incr   Arrival/Required Time  Fanout  
----------------------------------------  -----------------  ---------------  -----  ---------------------  ------  
clk_generator/cycle_counter_FSM_i6/CK->clk_generator/cycle_counter_FSM_i6/Q
                                          SLICE_R18C9A       CLK_TO_Q0_DELAY  0.779                  3.863  1       
clk_generator/n74[6]                                         NET DELAY        0.712                  4.575  1       
clk_generator.SLICE_2293/D1->clk_generator.SLICE_2293/F1
                                          SLICE_R18C9A       D1_TO_F1_DELAY   0.252                  4.827  1       
clk_generator.n74[6].sig_655.FeedThruLUT                     NET DELAY        0.000                  4.827  1       
clk_generator/cycle_counter_FSM_i7/D                         ENDPOINT         0.000                  4.827  1       


Destination Clock Path
Name                                      Cell/Site Name     Delay Name       Incr   Arrival/Required Time  Fanout  
----------------------------------------  -----------------  ---------------  -----  ---------------------  ------  
                                                             CONSTRAINT       0.000                  0.000  1       
clk_generator.hf_osc/CLKHF                HFOSC_HFOSC_R1C32  CLOCK LATENCY    0.000                  0.000  12      
clk_generator/clk_48mhz                                      NET DELAY        3.084                  3.084  12      
{clk_generator/cycle_counter_FSM_i6/CK   clk_generator/cycle_counter_FSM_i7/CK}
                                                             CLOCK PIN        0.000                  3.084  1       
                                                             Uncertainty      0.000                  3.084  
                                                             Hold time        0.000                  3.084  
----------------------------------------  -----------------  ---------------  -----  ---------------------  ------  
Required Time                                                                                       -3.084  
Arrival Time                                                                                         4.827  
----------------------------------------  -----------------  ---------------  -----  ---------------------  ------  
Path Slack  (Passed)                                                                                 1.743  




++++ Path 4 ++++++++++++++++++++++++++++++++++++++++++++++++++++++++++ 

Path Begin       : clk_generator/cycle_counter_FSM_i3/Q  (SLICE_R18C9C)
Path End         : clk_generator/cycle_counter_FSM_i4/D  (SLICE_R18C9B)
Source Clock     : clk_generator/clk_48mhz (R)
Destination Clock: clk_generator/clk_48mhz (R)
Logic Level      : 2
Delay Ratio      : 40.8% (route), 59.2% (logic)
Clock Skew       : 0.000 ns 
Hold Constraint  : 0.000 ns 
Path Slack       : 1.743 ns  (Passed)


Source Clock Path
Name                                      Cell/Site Name     Delay Name       Incr   Arrival/Required Time  Fanout  
----------------------------------------  -----------------  ---------------  -----  ---------------------  ------  
clk_generator.hf_osc/CLKHF                HFOSC_HFOSC_R1C32  CLOCK LATENCY    0.000                  0.000  12      
clk_generator/clk_48mhz                                      NET DELAY        3.084                  3.084  12      
{clk_generator/cycle_counter_FSM_i2/CK   clk_generator/cycle_counter_FSM_i3/CK}
                                                             CLOCK PIN        0.000                  3.084  1       


Data Path
Name                                      Cell/Site Name     Delay Name       Incr   Arrival/Required Time  Fanout  
----------------------------------------  -----------------  ---------------  -----  ---------------------  ------  
clk_generator/cycle_counter_FSM_i3/CK->clk_generator/cycle_counter_FSM_i3/Q
                                          SLICE_R18C9C       CLK_TO_Q1_DELAY  0.779                  3.863  1       
clk_generator/n74[3]                                         NET DELAY        0.712                  4.575  1       
clk_generator.SLICE_2291/D0->clk_generator.SLICE_2291/F0
                                          SLICE_R18C9B       D0_TO_F0_DELAY   0.252                  4.827  1       
clk_generator.n74[3].sig_652.FeedThruLUT                     NET DELAY        0.000                  4.827  1       
clk_generator/cycle_counter_FSM_i4/D                         ENDPOINT         0.000                  4.827  1       


Destination Clock Path
Name                                      Cell/Site Name     Delay Name       Incr   Arrival/Required Time  Fanout  
----------------------------------------  -----------------  ---------------  -----  ---------------------  ------  
                                                             CONSTRAINT       0.000                  0.000  1       
clk_generator.hf_osc/CLKHF                HFOSC_HFOSC_R1C32  CLOCK LATENCY    0.000                  0.000  12      
clk_generator/clk_48mhz                                      NET DELAY        3.084                  3.084  12      
{clk_generator/cycle_counter_FSM_i4/CK   clk_generator/cycle_counter_FSM_i5/CK}
                                                             CLOCK PIN        0.000                  3.084  1       
                                                             Uncertainty      0.000                  3.084  
                                                             Hold time        0.000                  3.084  
----------------------------------------  -----------------  ---------------  -----  ---------------------  ------  
Required Time                                                                                       -3.084  
Arrival Time                                                                                         4.827  
----------------------------------------  -----------------  ---------------  -----  ---------------------  ------  
Path Slack  (Passed)                                                                                 1.743  




++++ Path 5 ++++++++++++++++++++++++++++++++++++++++++++++++++++++++++ 

Path Begin       : clk_generator/cycle_counter_FSM_i4/Q  (SLICE_R18C9B)
Path End         : clk_generator/cycle_counter_FSM_i5/D  (SLICE_R18C9B)
Source Clock     : clk_generator/clk_48mhz (R)
Destination Clock: clk_generator/clk_48mhz (R)
Logic Level      : 2
Delay Ratio      : 40.8% (route), 59.2% (logic)
Clock Skew       : 0.000 ns 
Hold Constraint  : 0.000 ns 
Path Slack       : 1.743 ns  (Passed)


Source Clock Path
Name                                      Cell/Site Name     Delay Name       Incr   Arrival/Required Time  Fanout  
----------------------------------------  -----------------  ---------------  -----  ---------------------  ------  
clk_generator.hf_osc/CLKHF                HFOSC_HFOSC_R1C32  CLOCK LATENCY    0.000                  0.000  12      
clk_generator/clk_48mhz                                      NET DELAY        3.084                  3.084  12      
{clk_generator/cycle_counter_FSM_i4/CK   clk_generator/cycle_counter_FSM_i5/CK}
                                                             CLOCK PIN        0.000                  3.084  1       


Data Path
Name                                      Cell/Site Name     Delay Name       Incr   Arrival/Required Time  Fanout  
----------------------------------------  -----------------  ---------------  -----  ---------------------  ------  
clk_generator/cycle_counter_FSM_i4/CK->clk_generator/cycle_counter_FSM_i4/Q
                                          SLICE_R18C9B       CLK_TO_Q0_DELAY  0.779                  3.863  2       
clk_generator/n74[4]                                         NET DELAY        0.712                  4.575  2       
clk_generator.SLICE_2291/D1->clk_generator.SLICE_2291/F1
                                          SLICE_R18C9B       D1_TO_F1_DELAY   0.252                  4.827  1       
clk_generator.n74[4].sig_653.FeedThruLUT                     NET DELAY        0.000                  4.827  1       
clk_generator/cycle_counter_FSM_i5/D                         ENDPOINT         0.000                  4.827  1       


Destination Clock Path
Name                                      Cell/Site Name     Delay Name       Incr   Arrival/Required Time  Fanout  
----------------------------------------  -----------------  ---------------  -----  ---------------------  ------  
                                                             CONSTRAINT       0.000                  0.000  1       
clk_generator.hf_osc/CLKHF                HFOSC_HFOSC_R1C32  CLOCK LATENCY    0.000                  0.000  12      
clk_generator/clk_48mhz                                      NET DELAY        3.084                  3.084  12      
{clk_generator/cycle_counter_FSM_i4/CK   clk_generator/cycle_counter_FSM_i5/CK}
                                                             CLOCK PIN        0.000                  3.084  1       
                                                             Uncertainty      0.000                  3.084  
                                                             Hold time        0.000                  3.084  
----------------------------------------  -----------------  ---------------  -----  ---------------------  ------  
Required Time                                                                                       -3.084  
Arrival Time                                                                                         4.827  
----------------------------------------  -----------------  ---------------  -----  ---------------------  ------  
Path Slack  (Passed)                                                                                 1.743  




++++ Path 6 ++++++++++++++++++++++++++++++++++++++++++++++++++++++++++ 

Path Begin       : clk_generator/cycle_counter_FSM_i2/Q  (SLICE_R18C9C)
Path End         : clk_generator/cycle_counter_FSM_i3/D  (SLICE_R18C9C)
Source Clock     : clk_generator/clk_48mhz (R)
Destination Clock: clk_generator/clk_48mhz (R)
Logic Level      : 2
Delay Ratio      : 40.8% (route), 59.2% (logic)
Clock Skew       : 0.000 ns 
Hold Constraint  : 0.000 ns 
Path Slack       : 1.743 ns  (Passed)


Source Clock Path
Name                                      Cell/Site Name     Delay Name       Incr   Arrival/Required Time  Fanout  
----------------------------------------  -----------------  ---------------  -----  ---------------------  ------  
clk_generator.hf_osc/CLKHF                HFOSC_HFOSC_R1C32  CLOCK LATENCY    0.000                  0.000  12      
clk_generator/clk_48mhz                                      NET DELAY        3.084                  3.084  12      
{clk_generator/cycle_counter_FSM_i2/CK   clk_generator/cycle_counter_FSM_i3/CK}
                                                             CLOCK PIN        0.000                  3.084  1       


Data Path
Name                                      Cell/Site Name     Delay Name       Incr   Arrival/Required Time  Fanout  
----------------------------------------  -----------------  ---------------  -----  ---------------------  ------  
clk_generator/cycle_counter_FSM_i2/CK->clk_generator/cycle_counter_FSM_i2/Q
                                          SLICE_R18C9C       CLK_TO_Q0_DELAY  0.779                  3.863  2       
clk_generator/n74[2]                                         NET DELAY        0.712                  4.575  2       
clk_generator.SLICE_2289/D1->clk_generator.SLICE_2289/F1
                                          SLICE_R18C9C       D1_TO_F1_DELAY   0.252                  4.827  1       
clk_generator.n74[2].sig_651.FeedThruLUT                     NET DELAY        0.000                  4.827  1       
clk_generator/cycle_counter_FSM_i3/D                         ENDPOINT         0.000                  4.827  1       


Destination Clock Path
Name                                      Cell/Site Name     Delay Name       Incr   Arrival/Required Time  Fanout  
----------------------------------------  -----------------  ---------------  -----  ---------------------  ------  
                                                             CONSTRAINT       0.000                  0.000  1       
clk_generator.hf_osc/CLKHF                HFOSC_HFOSC_R1C32  CLOCK LATENCY    0.000                  0.000  12      
clk_generator/clk_48mhz                                      NET DELAY        3.084                  3.084  12      
{clk_generator/cycle_counter_FSM_i2/CK   clk_generator/cycle_counter_FSM_i3/CK}
                                                             CLOCK PIN        0.000                  3.084  1       
                                                             Uncertainty      0.000                  3.084  
                                                             Hold time        0.000                  3.084  
----------------------------------------  -----------------  ---------------  -----  ---------------------  ------  
Required Time                                                                                       -3.084  
Arrival Time                                                                                         4.827  
----------------------------------------  -----------------  ---------------  -----  ---------------------  ------  
Path Slack  (Passed)                                                                                 1.743  




++++ Path 7 ++++++++++++++++++++++++++++++++++++++++++++++++++++++++++ 

Path Begin       : clk_generator/counter_6mhz_264__i0/Q  (SLICE_R21C16B)
Path End         : clk_generator/counter_6mhz_264__i0/D  (SLICE_R21C16B)
Source Clock     : clk_generator/clk_48mhz (R)
Destination Clock: clk_generator/clk_48mhz (R)
Logic Level      : 2
Delay Ratio      : 40.8% (route), 59.2% (logic)
Clock Skew       : 0.000 ns 
Hold Constraint  : 0.000 ns 
Path Slack       : 1.743 ns  (Passed)


Source Clock Path
Name                                      Cell/Site Name     Delay Name       Incr   Arrival/Required Time  Fanout  
----------------------------------------  -----------------  ---------------  -----  ---------------------  ------  
clk_generator.hf_osc/CLKHF                HFOSC_HFOSC_R1C32  CLOCK LATENCY    0.000                  0.000  12      
clk_generator/clk_48mhz                                      NET DELAY        3.084                  3.084  12      
{clk_generator/counter_6mhz_264__i0/CK   clk_generator/counter_6mhz_264__i1/CK}
                                                             CLOCK PIN        0.000                  3.084  1       


Data Path
Name                                      Cell/Site Name     Delay Name       Incr   Arrival/Required Time  Fanout  
----------------------------------------  -----------------  ---------------  -----  ---------------------  ------  
clk_generator/counter_6mhz_264__i0/CK->clk_generator/counter_6mhz_264__i0/Q
                                          SLICE_R21C16B      CLK_TO_Q0_DELAY  0.779                  3.863  5       
clk_generator/counter_6mhz[0]                                NET DELAY        0.712                  4.575  5       
clk_generator/i1313_1_lut/A->clk_generator/i1313_1_lut/Z
                                          SLICE_R21C16B      D0_TO_F0_DELAY   0.252                  4.827  1       
clk_generator/n17[0]                                         NET DELAY        0.000                  4.827  1       
clk_generator/counter_6mhz_264__i0/D                         ENDPOINT         0.000                  4.827  1       


Destination Clock Path
Name                                      Cell/Site Name     Delay Name       Incr   Arrival/Required Time  Fanout  
----------------------------------------  -----------------  ---------------  -----  ---------------------  ------  
                                                             CONSTRAINT       0.000                  0.000  1       
clk_generator.hf_osc/CLKHF                HFOSC_HFOSC_R1C32  CLOCK LATENCY    0.000                  0.000  12      
clk_generator/clk_48mhz                                      NET DELAY        3.084                  3.084  12      
{clk_generator/counter_6mhz_264__i0/CK   clk_generator/counter_6mhz_264__i1/CK}
                                                             CLOCK PIN        0.000                  3.084  1       
                                                             Uncertainty      0.000                  3.084  
                                                             Hold time        0.000                  3.084  
----------------------------------------  -----------------  ---------------  -----  ---------------------  ------  
Required Time                                                                                       -3.084  
Arrival Time                                                                                         4.827  
----------------------------------------  -----------------  ---------------  -----  ---------------------  ------  
Path Slack  (Passed)                                                                                 1.743  




++++ Path 8 ++++++++++++++++++++++++++++++++++++++++++++++++++++++++++ 

Path Begin       : clk_generator/counter_6mhz_264__i1/Q  (SLICE_R21C16B)
Path End         : clk_generator/counter_6mhz_264__i1/D  (SLICE_R21C16B)
Source Clock     : clk_generator/clk_48mhz (R)
Destination Clock: clk_generator/clk_48mhz (R)
Logic Level      : 2
Delay Ratio      : 40.8% (route), 59.2% (logic)
Clock Skew       : 0.000 ns 
Hold Constraint  : 0.000 ns 
Path Slack       : 1.743 ns  (Passed)


Source Clock Path
Name                                      Cell/Site Name     Delay Name       Incr   Arrival/Required Time  Fanout  
----------------------------------------  -----------------  ---------------  -----  ---------------------  ------  
clk_generator.hf_osc/CLKHF                HFOSC_HFOSC_R1C32  CLOCK LATENCY    0.000                  0.000  12      
clk_generator/clk_48mhz                                      NET DELAY        3.084                  3.084  12      
{clk_generator/counter_6mhz_264__i0/CK   clk_generator/counter_6mhz_264__i1/CK}
                                                             CLOCK PIN        0.000                  3.084  1       


Data Path
Name                                      Cell/Site Name     Delay Name       Incr   Arrival/Required Time  Fanout  
----------------------------------------  -----------------  ---------------  -----  ---------------------  ------  
clk_generator/counter_6mhz_264__i1/CK->clk_generator/counter_6mhz_264__i1/Q
                                          SLICE_R21C16B      CLK_TO_Q1_DELAY  0.779                  3.863  4       
clk_generator/counter_6mhz[1]                                NET DELAY        0.712                  4.575  4       
clk_generator/i1315_2_lut/A->clk_generator/i1315_2_lut/Z
                                          SLICE_R21C16B      D1_TO_F1_DELAY   0.252                  4.827  1       
clk_generator/n17[1]                                         NET DELAY        0.000                  4.827  1       
clk_generator/counter_6mhz_264__i1/D                         ENDPOINT         0.000                  4.827  1       


Destination Clock Path
Name                                      Cell/Site Name     Delay Name       Incr   Arrival/Required Time  Fanout  
----------------------------------------  -----------------  ---------------  -----  ---------------------  ------  
                                                             CONSTRAINT       0.000                  0.000  1       
clk_generator.hf_osc/CLKHF                HFOSC_HFOSC_R1C32  CLOCK LATENCY    0.000                  0.000  12      
clk_generator/clk_48mhz                                      NET DELAY        3.084                  3.084  12      
{clk_generator/counter_6mhz_264__i0/CK   clk_generator/counter_6mhz_264__i1/CK}
                                                             CLOCK PIN        0.000                  3.084  1       
                                                             Uncertainty      0.000                  3.084  
                                                             Hold time        0.000                  3.084  
----------------------------------------  -----------------  ---------------  -----  ---------------------  ------  
Required Time                                                                                       -3.084  
Arrival Time                                                                                         4.827  
----------------------------------------  -----------------  ---------------  -----  ---------------------  ------  
Path Slack  (Passed)                                                                                 1.743  




++++ Path 9 ++++++++++++++++++++++++++++++++++++++++++++++++++++++++++ 

Path Begin       : clk_generator/clk_out/Q  (SLICE_R21C3A)
Path End         : clk_generator/clk_out/D  (SLICE_R21C3A)
Source Clock     : clk_generator/clk_48mhz (R)
Destination Clock: clk_generator/clk_48mhz (R)
Logic Level      : 2
Delay Ratio      : 40.8% (route), 59.2% (logic)
Clock Skew       : 0.000 ns 
Hold Constraint  : 0.000 ns 
Path Slack       : 1.743 ns  (Passed)


Source Clock Path
Name                                      Cell/Site Name     Delay Name       Incr   Arrival/Required Time  Fanout  
----------------------------------------  -----------------  ---------------  -----  ---------------------  ------  
clk_generator.hf_osc/CLKHF                HFOSC_HFOSC_R1C32  CLOCK LATENCY    0.000                  0.000  12      
clk_generator/clk_48mhz                                      NET DELAY        3.084                  3.084  12      
{clk_generator/clk_out/CK   clk_generator/counter__i3/CK}
                                                             CLOCK PIN        0.000                  3.084  1       


Data Path
Name                                      Cell/Site Name     Delay Name       Incr   Arrival/Required Time  Fanout  
----------------------------------------  -----------------  ---------------  -----  ---------------------  ------  
clk_generator/clk_out/CK->clk_generator/clk_out/Q
                                          SLICE_R21C3A       CLK_TO_Q0_DELAY  0.779                  3.863  1284    
pdm_synchronizer/clk_c                                       NET DELAY        0.712                  4.575  1284    
clk_generator/i38_2_lut/A->clk_generator/i38_2_lut/Z
                                          SLICE_R21C3A       D0_TO_F0_DELAY   0.252                  4.827  1       
clk_generator/n97                                            NET DELAY        0.000                  4.827  1       
clk_generator/clk_out/D                                      ENDPOINT         0.000                  4.827  1       


Destination Clock Path
Name                                      Cell/Site Name     Delay Name       Incr   Arrival/Required Time  Fanout  
----------------------------------------  -----------------  ---------------  -----  ---------------------  ------  
                                                             CONSTRAINT       0.000                  0.000  1       
clk_generator.hf_osc/CLKHF                HFOSC_HFOSC_R1C32  CLOCK LATENCY    0.000                  0.000  12      
clk_generator/clk_48mhz                                      NET DELAY        3.084                  3.084  12      
{clk_generator/clk_out/CK   clk_generator/counter__i3/CK}
                                                             CLOCK PIN        0.000                  3.084  1       
                                                             Uncertainty      0.000                  3.084  
                                                             Hold time        0.000                  3.084  
----------------------------------------  -----------------  ---------------  -----  ---------------------  ------  
Required Time                                                                                       -3.084  
Arrival Time                                                                                         4.827  
----------------------------------------  -----------------  ---------------  -----  ---------------------  ------  
Path Slack  (Passed)                                                                                 1.743  




++++ Path 10 ++++++++++++++++++++++++++++++++++++++++++++++++++++++++++ 

Path Begin       : clk_generator/cycle_counter_FSM_i0/Q  (SLICE_R18C6D)
Path End         : clk_generator/cycle_counter_FSM_i1/D  (SLICE_R18C6D)
Source Clock     : clk_generator/clk_48mhz (R)
Destination Clock: clk_generator/clk_48mhz (R)
Logic Level      : 2
Delay Ratio      : 40.8% (route), 59.2% (logic)
Clock Skew       : 0.000 ns 
Hold Constraint  : 0.000 ns 
Path Slack       : 1.743 ns  (Passed)


Source Clock Path
Name                                      Cell/Site Name     Delay Name       Incr   Arrival/Required Time  Fanout  
----------------------------------------  -----------------  ---------------  -----  ---------------------  ------  
clk_generator.hf_osc/CLKHF                HFOSC_HFOSC_R1C32  CLOCK LATENCY    0.000                  0.000  12      
clk_generator/clk_48mhz                                      NET DELAY        3.084                  3.084  12      
{clk_generator/cycle_counter_FSM_i0/CK   clk_generator/cycle_counter_FSM_i1/CK}
                                                             CLOCK PIN        0.000                  3.084  1       


Data Path
Name                                      Cell/Site Name     Delay Name       Incr   Arrival/Required Time  Fanout  
----------------------------------------  -----------------  ---------------  -----  ---------------------  ------  
clk_generator/cycle_counter_FSM_i0/CK->clk_generator/cycle_counter_FSM_i0/Q
                                          SLICE_R18C6D       CLK_TO_Q0_DELAY  0.779                  3.863  2       
clk_generator/n74[0]                                         NET DELAY        0.712                  4.575  2       
clk_generator.SLICE_2281/D1->clk_generator.SLICE_2281/F1
                                          SLICE_R18C6D       D1_TO_F1_DELAY   0.252                  4.827  1       
clk_generator.n74[0].sig_649.FeedThruLUT                     NET DELAY        0.000                  4.827  1       
clk_generator/cycle_counter_FSM_i1/D                         ENDPOINT         0.000                  4.827  1       


Destination Clock Path
Name                                      Cell/Site Name     Delay Name       Incr   Arrival/Required Time  Fanout  
----------------------------------------  -----------------  ---------------  -----  ---------------------  ------  
                                                             CONSTRAINT       0.000                  0.000  1       
clk_generator.hf_osc/CLKHF                HFOSC_HFOSC_R1C32  CLOCK LATENCY    0.000                  0.000  12      
clk_generator/clk_48mhz                                      NET DELAY        3.084                  3.084  12      
{clk_generator/cycle_counter_FSM_i0/CK   clk_generator/cycle_counter_FSM_i1/CK}
                                                             CLOCK PIN        0.000                  3.084  1       
                                                             Uncertainty      0.000                  3.084  
                                                             Hold time        0.000                  3.084  
----------------------------------------  -----------------  ---------------  -----  ---------------------  ------  
Required Time                                                                                       -3.084  
Arrival Time                                                                                         4.827  
----------------------------------------  -----------------  ---------------  -----  ---------------------  ------  
Path Slack  (Passed)                                                                                 1.743  



+++++++++++++++++++++++++++++++++++++++++++++++++++++++++++++++++++++ 
                    End of Detailed Report for timing paths 
+++++++++++++++++++++++++++++++++++++++++++++++++++++++++++++++++++++ 


##########################################################



