
                         Lattice Mapping Report File

Design:  karaoke_top
Family:  iCE40UP
Device:  iCE40UP5K
Package: SG48
Performance Grade:  High-Performance_1.2V

Mapper:    version Radiant Software (64-bit) 2025.1.0.39.0
Mapped on: Thu Dec  4 02:03:08 2025

Design Information
------------------

Command line:   map -pdc C:/Users/peppe/OneDrive/Desktop/Fall 2025 - Spring
     2026/ENGR 155/e155-karaoke/pinouts.pdc -i e155_karaoke_impl_1_syn.udb -o
     e155_karaoke_impl_1_map.udb -mp e155_karaoke_impl_1.mrp -hierrpt -gui
     -msgset C:/Users/peppe/OneDrive/Desktop/Fall 2025 - Spring 2026/ENGR
     155/e155-karaoke/promote.xml

Design Summary
--------------

   Number of slice registers: 2420 out of  5280 (46%)
   Number of I/O registers:      0 out of   117 (0%)
   Number of LUT4s:           4984 out of  5280 (94%)
      Number of logic LUT4s:             410
      Number of inserted feedthru LUT4s: 1480
      Number of replicated LUT4s:          2
      Number of ripple logic:            1546 (3092 LUT4s)
   Number of IO sites used:   23 out of 39 (59%)
      Number of IO sites used for general PIO: 23
      Number of IO sites used for I3C: 0 out of 2 (0%)
      (note: If I3C is not used, its site can be used as general PIO)
      Number of IO sites used for PIO+I3C: 23 out of 36 (64%)
      Number of IO sites used for OD+RGB IO buffers: 0 out of 3 (0%)
      (note: If RGB LED drivers are not used, sites can be used as OD outputs,
       see TN1288 iCE40 LED Driver Usage Guide)
      Number of IO sites used for PIO+I3C+OD+RGB: 23 out of 39 (59%)
   Number of DSPs:             8 out of 8 (100%)
   Number of I2Cs:             0 out of 2 (0%)
   Number of High Speed OSCs:  1 out of 1 (100%)
   Number of Low Speed OSCs:   0 out of 1 (0%)
   Number of RGB PWM:          0 out of 1 (0%)
   Number of RGB Drivers:      0 out of 1 (0%)
   Number of SCL FILTERs:      0 out of 2 (0%)
   Number of SRAMs:            0 out of 4 (0%)
   Number of WARMBOOTs:        0 out of 1 (0%)
   Number of SPIs:             0 out of 2 (0%)
   Number of EBRs:             0 out of 30 (0%)
   Number of PLLs:             0 out of 1 (0%)
   Number of Clocks:  3
      Net clk_c: 1997 loads, 1997 rising, 0 falling (Driver: Pin
     clk_generator.clk_out/Q)
      Net clk_6mhz: 27 loads, 27 rising, 0 falling (Driver: Pin
     clk_generator.clk_divided_6mhz/Q)
      Net clk_generator.clk_48mhz: 17 loads, 17 rising, 0 falling (Driver: Pin
     clk_generator.hf_osc/CLKHF)
   Number of Clock Enables:  12
      Net cic_out_valid: 458 loads, 458 SLICEs
      Net halfband.stage3_valid: 16 loads, 16 SLICEs

                                    Page 1





Design Summary (cont)
---------------------
      Net hb_out_valid: 543 loads, 543 SLICEs
      Net audio_sample_pad[10].vcc: 1 loads, 0 SLICEs
      Net spi_interface.audio_valid_rise: 16 loads, 16 SLICEs
      Net spi_interface.n4161: 15 loads, 15 SLICEs
      Net spi_interface.n378: 6 loads, 6 SLICEs
      Net clk_generator.n4246: 8 loads, 8 SLICEs
      Net generic_fir.audio_valid_c_N_16036: 16 loads, 16 SLICEs
      Net cic_decimator.new_decim_valid_N_16048: 21 loads, 21 SLICEs
      Net cic_decimator.new_decim_valid: 37 loads, 37 SLICEs
      Net cic_decimator.combs_output_vld: 11 loads, 11 SLICEs
   Number of LSRs:  4
      Net sck_enable_N_16066: 742 loads, 742 SLICEs
      Net maxfan_replicated_net_999: 925 loads, 925 SLICEs
      Net maxfan_replicated_net_1416: 371 loads, 371 SLICEs
      Net clk_generator.n4172: 3 loads, 3 SLICEs
   Top 10 highest fanout non-clock nets:
      Net maxfan_replicated_net_999: 925 loads
      Net sck_enable_N_16066: 742 loads
      Net hb_out_valid: 546 loads
      Net cic_out_valid: 461 loads
      Net maxfan_replicated_net_1416: 371 loads
      Net audio_sample_pad[10].vcc: 102 loads
      Net cic_decimator.new_decim_valid: 101 loads
      Net generic_fir.sym_pairs[11][16]: 48 loads
      Net generic_fir.sym_pairs[8][16]: 46 loads
      Net generic_fir.sym_pairs[9][16]: 45 loads





   Number of warnings:  12
   Number of criticals: 0
   Number of errors:    0

Design Errors/Criticals/Warnings
--------------------------------

WARNING <1026001> - map: C:/Users/peppe/OneDrive/Desktop/Fall 2025 - Spring
     2026/ENGR 155/e155-karaoke/pinouts.pdc (6) : No port matched 'led'.
WARNING <1026001> - map: C:/Users/peppe/OneDrive/Desktop/Fall 2025 - Spring
     2026/ENGR 155/e155-karaoke/pinouts.pdc (7) : No port matched 'led1'.
WARNING <1026001> - map: C:/Users/peppe/OneDrive/Desktop/Fall 2025 - Spring
     2026/ENGR 155/e155-karaoke/pinouts.pdc (8) : No port matched 'led2'.
WARNING <1027013> - map: No port matched 'led'.
WARNING <1026001> - map: C:/Users/peppe/OneDrive/Desktop/Fall 2025 - Spring
     2026/ENGR 155/e155-karaoke/pinouts.pdc (6) : Can't resolve object 'led' in
     constraint 'ldc_set_location -site {2} [get_ports led]'.
WARNING <1027013> - map: No port matched 'led1'.
WARNING <1026001> - map: C:/Users/peppe/OneDrive/Desktop/Fall 2025 - Spring
     2026/ENGR 155/e155-karaoke/pinouts.pdc (7) : Can't resolve object 'led1' in
     constraint 'ldc_set_location -site {46} [get_ports led1]'.
WARNING <1027013> - map: No port matched 'led2'.
WARNING <1026001> - map: C:/Users/peppe/OneDrive/Desktop/Fall 2025 - Spring
     2026/ENGR 155/e155-karaoke/pinouts.pdc (8) : Can't resolve object 'led2' in
     constraint 'ldc_set_location -site {47} [get_ports led2]'.
WARNING <1011001> - map: Remove invalid constraint 'ldc_set_location -site {2}
     [get_ports led]'.

                                    Page 2





Design Errors/Criticals/Warnings (cont)
---------------------------------------
WARNING <1011001> - map: Remove invalid constraint 'ldc_set_location -site {46}
     [get_ports led1]'.
WARNING <1011001> - map: Remove invalid constraint 'ldc_set_location -site {47}
     [get_ports led2]'.

IO (PIO) Attributes
-------------------

+---------------------+-----------+-----------+-------+-------+-----------+
| IO Name             | Direction | Levelmode |  IO   |  IO   | Special   |
|                     |           |  IO_TYPE  |  REG  |  DDR  | IO Buffer |
+---------------------+-----------+-----------+-------+-------+-----------+
| audio_sample[10]    | OUTPUT    |           |       |       |           |
+---------------------+-----------+-----------+-------+-------+-----------+
| audio_sample[11]    | OUTPUT    |           |       |       |           |
+---------------------+-----------+-----------+-------+-------+-----------+
| audio_sample[12]    | OUTPUT    |           |       |       |           |
+---------------------+-----------+-----------+-------+-------+-----------+
| pdm_data            | INPUT     |           |       |       |           |
+---------------------+-----------+-----------+-------+-------+-----------+
| reset_n             | INPUT     |           |       |       |           |
+---------------------+-----------+-----------+-------+-------+-----------+
| audio_sample[13]    | OUTPUT    |           |       |       |           |
+---------------------+-----------+-----------+-------+-------+-----------+
| audio_sample[14]    | OUTPUT    |           |       |       |           |
+---------------------+-----------+-----------+-------+-------+-----------+
| audio_sample[8]     | OUTPUT    |           |       |       |           |
+---------------------+-----------+-----------+-------+-------+-----------+
| audio_sample[7]     | OUTPUT    |           |       |       |           |
+---------------------+-----------+-----------+-------+-------+-----------+
| audio_sample[0]     | OUTPUT    |           |       |       |           |
+---------------------+-----------+-----------+-------+-------+-----------+
| audio_valid         | OUTPUT    |           |       |       |           |
+---------------------+-----------+-----------+-------+-------+-----------+
| cs                  | OUTPUT    |           |       |       |           |
+---------------------+-----------+-----------+-------+-------+-----------+
| sdo                 | OUTPUT    |           |       |       |           |
+---------------------+-----------+-----------+-------+-------+-----------+
| sck                 | OUTPUT    |           |       |       |           |
+---------------------+-----------+-----------+-------+-------+-----------+
| audio_sample[6]     | OUTPUT    |           |       |       |           |
+---------------------+-----------+-----------+-------+-------+-----------+
| audio_sample[5]     | OUTPUT    |           |       |       |           |
+---------------------+-----------+-----------+-------+-------+-----------+
| audio_sample[4]     | OUTPUT    |           |       |       |           |
+---------------------+-----------+-----------+-------+-------+-----------+
| audio_sample[1]     | OUTPUT    |           |       |       |           |
+---------------------+-----------+-----------+-------+-------+-----------+
| audio_sample[2]     | OUTPUT    |           |       |       |           |
+---------------------+-----------+-----------+-------+-------+-----------+
| audio_sample[3]     | OUTPUT    |           |       |       |           |
+---------------------+-----------+-----------+-------+-------+-----------+
| audio_sample[15]    | OUTPUT    |           |       |       |           |
+---------------------+-----------+-----------+-------+-------+-----------+
| clk                 | OUTPUT    |           |       |       |           |
+---------------------+-----------+-----------+-------+-------+-----------+
| audio_sample[9]     | OUTPUT    |           |       |       |           |

                                    Page 3





IO (PIO) Attributes (cont)
--------------------------
+---------------------+-----------+-----------+-------+-------+-----------+

Removed logic
-------------

Block pdm_data_pad.vlo_inst was optimized away.

OSC Summary
-----------

OSC 1:                                 Pin/Node Value
  OSC Instance Name:                            clk_generator/hf_osc
  Power UP:                            NODE     audio_sample_pad[10].vcc
  Enable Signal:                       NODE     audio_sample_pad[10].vcc
  OSC Output:                          NODE     clk_generator.clk_48mhz
  DIV Setting:                                  00

ASIC Components
---------------

Instance Name: halfband/mult_502
         Type: DSP
Instance Name: halfband/mult_493
         Type: DSP
Instance Name: halfband/mult_490
         Type: DSP
Instance Name: halfband/mult_499
         Type: DSP
Instance Name: halfband/mult_496
         Type: DSP
Instance Name: clk_generator/hf_osc
         Type: HFOSC
Instance Name: cic_decimator/mult_506
         Type: DSP
Instance Name: cic_decimator/mult_507
         Type: DSP
Instance Name: cic_decimator/mult_505
         Type: DSP

Constraint Summary
------------------

   Total number of constraints: 10
   Total number of constraints dropped: 3
   Dropped constraints are:
     ldc_set_location -site {2} [get_ports led]
     ldc_set_location -site {46} [get_ports led1]
     ldc_set_location -site {47} [get_ports led2]

Run Time and Memory Usage
-------------------------

   Total CPU Time: 3 secs
   Total REAL Time: 5 secs
   Peak Memory Usage: 138 MB
Checksum -- map: ca934ad50c1f9491ce8924dcdf16dac410a024


                                    Page 4


Copyright (c) 1991-1994 by NeoCAD Inc. All rights reserved.
Copyright (c) 1995
     AT&T Corp.   All rights reserved.
Copyright (c) 1995-2001 Lucent
     Technologies Inc.  All rights reserved.
Copyright (c) 2001 Agere Systems
     All rights reserved.
Copyright (c) 2002-2025 Lattice Semiconductor
     Corporation,  All rights reserved.
